   ▲ Next.js 15.5.25
   - Local:        http://localhost:4028
   - Network:      http://10.14.49.133:4028
   - Environments: .env

 ✓ Starting...
Attention: Next.js now collects completely anonymous telemetry regarding usage.
This information is used to shape Next.js' roadmap and prioritize features.
You can learn more, including how to opt-out if you'd not like to participate in this anonymous program, by visiting the following URL:
https://nextjs.org/telemetry

 ✓ Ready in 3.9s
 ○ Compiling / ...
 ✓ Compiled / in 20.1s (3210 modules)
 GET / 200 in 21253ms
 GET / 200 in 231ms
 GET / 200 in 56ms
 ○ Compiling /how-model-works ...
 ✓ Compiled /how-model-works in 1386ms (3235 modules)
 GET /how-model-works 200 in 2318ms
 ○ Compiling /root-cause ...
 ✓ Compiled /root-cause in 1027ms (3234 modules)
 GET /root-cause 200 in 1202ms
 ○ Compiling /explanations ...
 ✓ Compiled /explanations in 1275ms (3253 modules)
 GET /explanations 200 in 1507ms
 ○ Compiling /history ...
 ✓ Compiled /history in 976ms (3270 modules)
 GET /history 200 in 1141ms
 ○ Compiling /_not-found ...
 ✓ Compiled /_not-found in 760ms (3274 modules)
 GET /nope-404 404 in 903ms
 GET / 200 in 154ms
 GET / 200 in 44ms
 GET /how-model-works 200 in 4849ms
 GET /explanations 200 in 69ms
 GET /history 200 in 84ms
 GET /root-cause 200 in 73ms
 GET /explanations 200 in 50ms
 GET /history 200 in 55ms
 ✓ Compiled in 1799ms (1560 modules)
 GET /history 200 in 2395ms
 ✓ Compiled in 565ms (1560 modules)
 GET /history 200 in 2382ms
 ✓ Compiled in 474ms (1560 modules)
 GET /history 200 in 2447ms
 ✓ Compiled in 488ms (1560 modules)
 GET /history 200 in 2398ms
 ✓ Compiled in 502ms (1560 modules)
 GET /history 200 in 2275ms
 ✓ Compiled in 494ms (1560 modules)
 GET /history 200 in 2351ms
 ✓ Compiled in 419ms (1560 modules)
 GET /history 200 in 2306ms
 ✓ Compiled in 2.5s (3285 modules)
 GET /history 200 in 2538ms
 ✓ Compiled in 446ms (1560 modules)
 GET /history 200 in 2411ms
 ✓ Compiled in 451ms (1560 modules)
 GET /history 200 in 2382ms
 ✓ Compiled in 425ms (1560 modules)
 GET /history 200 in 2484ms
 ✓ Compiled in 3.7s (3287 modules)
 GET /history 200 in 265ms
 ✓ Compiled in 3.4s (3287 modules)
 GET /history 200 in 231ms
 ✓ Compiled in 2.2s (3291 modules)
 GET /history 200 in 2952ms
 ✓ Compiled in 4.7s (3291 modules)
 GET /history 200 in 61ms
 ✓ Compiled in 1250ms (3293 modules)
 GET /history 200 in 3359ms
 ✓ Compiled in 4.2s (3293 modules)
 GET /history 200 in 73ms
 ✓ Compiled in 1059ms (3293 modules)
 GET /history 200 in 3024ms
 ✓ Compiled in 1092ms (3293 modules)
 GET /history 200 in 3241ms
 GET / 200 in 591ms
 ○ Compiling /_error ...
 GET / 500 in 15391ms
 GET / 200 in 4948ms
 ✓ Compiled /_error in 5.4s (3640 modules)
 GET / 200 in 4349ms
 GET / 200 in 2070ms
 GET /how-model-works 200 in 1832ms
 GET /root-cause 200 in 429ms
 GET /explanations 200 in 144ms
 GET /history 200 in 216ms
 GET / 200 in 67ms
 GET / 200 in 120ms
 ✓ Compiled in 8.5s (3640 modules)
 GET / 200 in 517ms
 ✓ Compiled in 1708ms (3640 modules)
 GET / 200 in 6398ms
 ✓ Compiled in 2.8s (3640 modules)
 GET / 200 in 4877ms
 ✓ Compiled in 2.3s (3640 modules)
 GET / 200 in 3991ms
 GET /how-model-works 200 in 8786ms
 GET / 200 in 120ms
 GET /how-model-works 200 in 221ms
 GET /root-cause 200 in 207ms
 GET /explanations 200 in 139ms
 GET /history 200 in 224ms
 GET / 200 in 83ms
 GET / 200 in 109ms
 GET /explanations 200 in 127ms
 GET / 200 in 177ms
 GET / 200 in 57ms
 GET / 200 in 109ms
 GET / 200 in 91ms
 GET / 200 in 1952ms
 GET / 200 in 69ms
 GET / 200 in 1999ms
 GET / 200 in 69ms
 GET / 200 in 1728ms
 GET / 200 in 3654ms
 GET / 200 in 1822ms
 GET / 200 in 2021ms
 GET / 200 in 53ms
 GET / 200 in 48ms
 GET / 200 in 61ms
 GET / 200 in 1811ms
 GET /history 200 in 55ms
 GET /history 200 in 49ms
[?25h
